╭──────────────────────────────────────────────────────────────────────────────╮
│调用树                                                                        │
│无数据                                                                        │
│                                                                              │
│                                                                              │
│                                                                              │
│                                                                              │
│                                                                              │
│                                                                              │
│                                                                              │
│                                                                              │
│                                                                              │
│                                                                              │
│                                                                              │
│                                                                              │
│                                                                              │
│                                                                              │
│                                                                              │
│                                                                              │
╰──────────────────────────────────────────────────────────────────────────────╯