╭──────────────────────────────────────────────────────────────────────────────╮
│调用树                                                                        │
│▼ Turn 1 (12s)                                                                │
│  ├─ Read (0s)                                                                │
│  ├─ Bash (1m22s) 🟡                                                          │
│  └─ Write (33s)                                                              │
│● Turn 2 (51s)                                                                │
│● Turn 3 (5s)                                                                 │
│                                                                              │
│                                                                              │
│                                                                              │
│                                                                              │
│                                                                              │
│                                                                              │
│                                                                              │
│                                                                              │
│                                                                              │
│                                                                              │
│                                                                              │
╰──────────────────────────────────────────────────────────────────────────────╯