╭──────────────────────────────────────────────────────────────────────────────╮
│调用树 — 05-09 18:00  5 tools  12m0s                                          │
│● Turn 1 (12s)                                                                │
│● Turn 2 (51s)                                                                │
│● Turn 3 (5s)                                                                 │
│                                                                              │
│                                                                              │
│                                                                              │
│                                                                              │
│                                                                              │
│                                                                              │
│                                                                              │
│                                                                              │
│                                                                              │
│                                                                              │
│                                                                              │
│                                                                              │
│                                                                              │
│                                                                              │
╰──────────────────────────────────────────────────────────────────────────────╯