╭──────────────────────────────────────────────────────────────────────────────╮
│调用树 — session 2026-05-09                                                   │
│● Turn 1 (12s)                                                                │
│● Turn 2 (51s)                                                                │
│● Turn 3 (5s)                                                                 │
│                                                                              │
│                                                                              │
│                                                                              │
│                                                                              │
│                                                                              │
│                                                                              │
│                                                                              │
│                                                                              │
│                                                                              │
│                                                                              │
│                                                                              │
│                                                                              │
│                                                                              │
│                                                                              │
╰──────────────────────────────────────────────────────────────────────────────╯