╭──────────────────────────────────────────────────────────────────────────────╮
│调用树 — 05-09 10:00  5 tools  12m00s                                         │
│● Turn 1 (12s)                                                                │
│● Turn 2 (51s)                                                                │
│● Turn 3 (5s)                                                                 │
│                                                                              │
│                                                                              │
│                                                                              │
│                                                                              │
│                                                                              │
│                                                                              │
│                                                                              │
│                                                                              │
│                                                                              │
│                                                                              │
│                                                                              │
│                                                                              │
│                                                                              │
│                                                                              │
╰──────────────────────────────────────────────────────────────────────────────╯