╭──────────────────────────────────────────────────────────────────────────────╮
│统计仪表盘 — Fix the authentication bug                                       │
│总耗时: 12m30s          最慢步骤: Bash (7m25s)                                │
│                                                                              │
│工具调用统计                           耗时统计                               │
│Bash  █████████████████████████ 2      Bash  ███████████████████████░░  94%   │
│                                                                              │
│Read  █████████████████████████ 2      Read  █░░░░░░░░░░░░░░░░░░░░░░░░   0%   │
│                                                                              │
│Write ████████████ 1                   Write █░░░░░░░░░░░░░░░░░░░░░░░░   6%   │
│                                                                              │
│File Operations (top 20)                                                      │
│────────────────────────────────────────────────────────────────────────────  │
│/project/config/production.yml                ▪ ▪ ▪ ▪ ▪ ▪ ▪ ▪  R×1       1    │
│/project/src/fix.ts                           ▪ ▪ ▪ ▪ ▪ ▪ ▪ ▪       E×1  1    │
│/project/src/index.ts                         ▪ ▪ ▪ ▪ ▪ ▪ ▪ ▪  R×1       1    │
│                                                                              │
│                                                                              │
│                                                                              │
│                                                                              │
│                                                                              │
│                                                                              │
│╭───────────────────────╮                                                     │
││切换会话               │                                                     │
││▸ 2026-05-09    5      │                                                     │
││12m30s                 │                                                     │
│╰───────────────────────╯                                                     │
╰──────────────────────────────────────────────────────────────────────────────╯