╭──────────────────────────────────────────────────────────────────────────────────────────────────────────────────────╮
│详情: Bash — line 500                                                                                            ↑ ↓  │
│tool_use.input:                                                                                                    ┃  │
│  {                                                                                                                │  │
│    "command": "echo test"                                                                                         │  │
│  }                                                                                                                │  │
│tool_result.content:                                                                                               │  │
│  xxxxxxxxxxxxxxxxxxxxxxxxxxxxxxxxxxxxxxxxxxxxxxxxxxxxxxxxxxxxxxxxxxxxxxxxxxxxxxxxxxxxxxxxxxxxxxxxxxxxxxxxxxxxxxxxx│  │
│xxxxxxxxxxxxxxxxxxxxxxxxxxxxxxxxxxxxxxxxxxxxxxxxxxxxxxxxxxxxxxxxxxxxxxxxxxxxxxxxxxxxxxx                            │  │
│  ...truncated (Enter to expand)                                                                                   │  │
│                                                                                                                      │
╰──────────────────────────────────────────────────────────────────────────────────────────────────────────────────────╯