╭──────────────────────────────────────────────────────────────────────────────────────────────────────────────────────╮
│详情:  — line 0                                                                                                       │
│选中节点并按 Tab 查看详情                                                                                             │
│                                                                                                                      │
│                                                                                                                      │
│                                                                                                                      │
│                                                                                                                      │
│                                                                                                                      │
│                                                                                                                      │
│                                                                                                                      │
│                                                                                                                      │
╰──────────────────────────────────────────────────────────────────────────────────────────────────────────────────────╯