                                                                                
                                                                                
                                                                                
                                                                                
                                                                                
                                                                                
         ╔════════════════════════════════════════════════════════════╗         
         ║诊断摘要 — 无异常                                           ║         
         ║无异常                                                      ║         
         ║                                                            ║         
         ║                                                            ║         
         ║                                                            ║         
         ║                                                            ║         
         ║                                                            ║         
         ║                                                            ║         
         ║                                                            ║         
         ║↑↓:select  Enter:jump  Esc:close                            ║         
         ╚════════════════════════════════════════════════════════════╝         
                                                                                
                                                                                
                                                                                
                                                                                
                                                                                
                                                                                