                                                                                
                                                                                
                                                                                
                                                                                
                                                                                
                                                                                
         ╔════════════════════════════════════════════════════════════╗         
         ║诊断摘要 — 无异常                                           ║         
         ║无异常                                                      ║         
         ║                                                            ║         
         ║                                                            ║         
         ║                                                            ║         
         ║                                                            ║         
         ║                                                            ║         
         ║                                                            ║         
         ║                                                            ║         
         ║j/k:select  Enter:jump  Esc:close                           ║         
         ╚════════════════════════════════════════════════════════════╝         
                                                                                
                                                                                
                                                                                
                                                                                
                                                                                
                                                                                