╭──────────────────────────────────────────────────────────────────────────────╮
│诊断摘要 — 错误                                                               │
│────────────────────────────────────────────────────────────────────────────  │
│错误: session unavailable                                                     │
│                                                                              │
│                                                                              │
│                                                                              │
│                                                                              │
│                                                                              │
│                                                                              │
│                                                                              │
│                                                                              │
│                                                                              │
│                                                                              │
│                                                                              │
│                                                                              │
│                                                                              │
│                                                                              │
│                                                                              │
│                                                                              │
│                                                                              │
│────────────────────────────────────────────────────────────────────────────  │
│↑↓:select  Enter:jump  Esc:close                                              │
╰──────────────────────────────────────────────────────────────────────────────╯