┌──────────────────────────────────────────────────────────────────────────────────────────────────────────────────────┐
│SubAgent: Read: config.yaml                                                                              5 tools, 5s  │
│────────────────────────────────────────────────────────────────────────────────────────────────────────────────────  │
│工具调用统计                                               耗时统计                                                   │
│Bash  ▄▄▄▄▄▄▄▄▄▄▄▄▄▄▄▄▄▄▄▄▄▄▄▄▄▄▄▄▄▄▄▄▄▄▄▄▄▄▄▄▄▄▄ 5        Bash  ▄▄▄▄▄▄▄▄▄▄▄▄▄▄▄▄▄▄▄▄▄▄▄▄▄▄▄▄▄▄▄▄▄▄▄▄▄▄▄▄▄▄▄ 100%     │
│────────────────────────────────────────────────────────────────────────────────────────────────────────────────────  │
│Hook Analysis                                                                                                         │
│Hook Statistics                                                                                                       │
│PreToolUse::Tool0  ×1                                                                                                 │
│PreToolUse::Tool1  ×1                                                                                                 │
│PreToolUse::Tool2  ×1                                                                                                 │
│PreToolUse::Tool3  ×1                                                                                                 │
│PreToolUse::Tool4  ×1                                                                                                 │
│Hook Timeline (by Turn)                                                                                               │
│Legend: ●PreToolUse  ●PostToolUse  ●Stop  ●user-prompt                                                                │
│ T1  ●PreToolUse::Tool0 ●PreToolUse::Tool1 ●PreToolUse::Tool2                                                         │
│ T2  ●PreToolUse::Tool3 ●PreToolUse::Tool4                                                                            │
│Esc:close  ↑/↓:scroll  Tab:sections                                                                                   │
│                                                                                                                      │
│                                                                                                                      │
│                                                                                                                      │
│                                                                                                                      │
│                                                                                                                      │
│                                                                                                                      │
│                                                                                                                      │
│                                                                                                                      │
│                                                                                                                      │
│                                                                                                                      │
│                                                                                                                      │
│                                                                                                                      │
│                                                                                                                      │
│                                                                                                                      │
│                                                                                                                      │
│                                                                                                                      │
│                                                                                                                      │
│                                                                                                                      │
│                                                                                                                      │
│                                                                                                                      │
│                                                                                                                      │
└──────────────────────────────────────────────────────────────────────────────────────────────────────────────────────┘