┌──────────────────────────────────────────────────────────────────────────────┐
│SubAgent: Edit: this/is/a/very/long/path/that/exceeds/80/c…     5 tools, 1s   │
│────────────────────────────────────────────────────────────────────────────  │
│工具调用统计                           耗时统计                               │
│Read  ▄▄▄▄▄▄▄▄▄▄▄▄▄▄▄▄▄▄▄▄▄▄▄ 5        Read  ▄▄▄▄▄▄▄▄▄▄▄▄▄▄▄▄▄▄▄▄▄▄▄ 100%     │
│Esc:close  ↑/↓:scroll  Tab:sections                                           │
│                                                                              │
│                                                                              │
│                                                                              │
│                                                                              │
│                                                                              │
│                                                                              │
│                                                                              │
│                                                                              │
│                                                                              │
│                                                                              │
│                                                                              │
│                                                                              │
│                                                                              │
│                                                                              │
│                                                                              │
│                                                                              │
│                                                                              │
└──────────────────────────────────────────────────────────────────────────────┘