┌──────────────────────────────────────────────────────────────────────────────────────────────────────────────────────┐
│SubAgent: Edit: internal/model/app.go                                                                  28 tools, 12s  │
│────────────────────────────────────────────────────────────────────────────────────────────────────────────────────  │
│工具调用统计                                               耗时统计                                                   │
│Read  ▄▄▄▄▄▄▄▄▄▄▄▄▄▄▄▄▄▄▄▄▄▄▄▄▄▄▄▄▄▄▄▄▄▄▄▄▄▄▄▄▄▄▄ 12       Read  ▄▄▄________________________________________   8%     │
│Bash  ▄▄▄▄▄▄▄▄▄▄▄▄▄▄▄▄▄▄▄▄▄▄▄▄▄▄▄▄ 8                       Bash  ▄▄▄▄▄▄▄▄▄▄▄▄▄▄▄▄▄▄▄▄▄▄▄▄▄▄▄▄▄______________  68%     │
│Edit  ▄▄▄▄▄▄▄▄▄▄▄▄▄▄▄▄▄ 5                                  Edit  ▄▄▄▄▄▄▄▄▄▄▄________________________________  26%     │
│Write ▄▄▄▄▄▄▄▄▄▄ 3                                         Write ▄__________________________________________   4%     │
│────────────────────────────────────────────────────────────────────────────────────────────────────────────────────  │
│File Operations                                                                                                       │
│internal/model/app.go                                                                                  R×5  E×3  8    │
│Esc:close  ↑/↓:scroll  Tab:sections                                                                                   │
│                                                                                                                      │
│                                                                                                                      │
│                                                                                                                      │
│                                                                                                                      │
│                                                                                                                      │
│                                                                                                                      │
│                                                                                                                      │
│                                                                                                                      │
│                                                                                                                      │
│                                                                                                                      │
│                                                                                                                      │
│                                                                                                                      │
│                                                                                                                      │
│                                                                                                                      │
│                                                                                                                      │
│                                                                                                                      │
│                                                                                                                      │
│                                                                                                                      │
│                                                                                                                      │
│                                                                                                                      │
│                                                                                                                      │
│                                                                                                                      │
│                                                                                                                      │
│                                                                                                                      │
│                                                                                                                      │
│                                                                                                                      │
│                                                                                                                      │
└──────────────────────────────────────────────────────────────────────────────────────────────────────────────────────┘