╭──────────────────────────────────────╮
│会话列表                              │
│▸ 2026-05-09   42 12m30s              │
│  2026-05-08   18 5m12s               │
│  2026-05-07   95 45m02s              │
│                                      │
│                                      │
│                                      │
│                                      │
│                                      │
│                                      │
╰──────────────────────────────────────╯