╭──────────────────────────────────────╮
│会话列表                              │
│错误: directory not found             │
│                                      │
│                                      │
│                                      │
│                                      │
│                                      │
│                                      │
│                                      │
│                                      │
╰──────────────────────────────────────╯