╭──────────────────────────────────────╮
│会话列表                              │
│无数据                                │
│                                      │
│                                      │
│                                      │
│                                      │
│                                      │
│                                      │
│                                      │
│                                      │
╰──────────────────────────────────────╯