╭──────────────────────────────────────╮
│会话列表                              │
│/> 05                                 │
│▸ 10:00                               │
│  14:30                               │
│  09:15                               │
│                                      │
│                                      │
│                                      │
│                                      │
│                                      │
╰──────────────────────────────────────╯